// Jest Snapshot v1, https://goo.gl/fbAQLP

exports[`process (default.vue) returns expected string: default.vue 1`] = `
"__vue__options__.__i18n = [
'{\\"ja\\":{\\"hello\\":\\"こんにちは！\\"},\\"en\\":{\\"hello\\":\\"hello!\\"}}'
]"
`;

exports[`process (json.vue) returns expected string: json.vue 1`] = `
"__vue__options__.__i18n = [
'{\\"ja\\":{\\"hello\\":\\"こんにちは！\\"},\\"en\\":{\\"hello\\":\\"hello!\\"}}'
]"
`;

exports[`process (json-src-import.vue) returns expected string: json-src-import.vue 1`] = `
"__vue__options__.__i18n = [
'{\\"ja\\":{\\"hello\\":\\"こんにちは！\\"},\\"en\\":{\\"hello\\":\\"hello!\\"}}'
]"
`;

exports[`process (json5.vue) returns expected string: json5.vue 1`] = `
"__vue__options__.__i18n = [
'{\\"ja\\":{\\"hello\\":\\"こんにちは！\\"},\\"en\\":{\\"hello\\":\\"hello!\\"}}'
]"
`;

exports[`process (json5-src-import.vue) returns expected string: json5-src-import.vue 1`] = `
"__vue__options__.__i18n = [
'{\\"ja\\":{\\"hello\\":\\"こんにちは！\\"},\\"en\\":{\\"hello\\":\\"hello!\\"}}'
]"
`;

exports[`process (no-i18n.vue) returns expected string: no-i18n.vue 1`] = `""`;

exports[`process (yaml.vue) returns expected string: yaml.vue 1`] = `
"__vue__options__.__i18n = [
'{\\"ja\\":{\\"hello\\":\\"こんにちは！\\"},\\"en\\":{\\"hello\\":\\"hello!\\"}}'
]"
`;

exports[`process (yaml-src-import.vue) returns expected string: yaml-src-import.vue 1`] = `
"__vue__options__.__i18n = [
'{\\"ja\\":{\\"hello\\":\\"こんにちは！\\"},\\"en\\":{\\"hello\\":\\"hello!\\"}}'
]"
`;
